Archive member included to satisfy reference by file (symbol)

D:\NXP_workspace\lpc_chip_11uxx_lib\Debug\liblpc_chip_11uxx_lib.a(sysinit_11xx.o)
                              ./src/sysinit.o (Chip_SystemInit)
D:\NXP_workspace\lpc_chip_11uxx_lib\Debug\liblpc_chip_11uxx_lib.a(clock_11xx.o)
                              D:\NXP_workspace\lpc_chip_11uxx_lib\Debug\liblpc_chip_11uxx_lib.a(sysinit_11xx.o) (Chip_Clock_SetSystemPLLSource)
D:\NXP_workspace\lpc_chip_11uxx_lib\Debug\liblpc_chip_11uxx_lib.a(sysctl_11xx.o)
                              D:\NXP_workspace\lpc_chip_11uxx_lib\Debug\liblpc_chip_11uxx_lib.a(sysinit_11xx.o) (Chip_SYSCTL_PowerDown)
d:/nxp/lpcxpresso_8.2.2_650/lpcxpresso/tools/bin/../lib/gcc/arm-none-eabi/5.4.1/../../../../arm-none-eabi/lib/armv6-m\libcr_c.a(memcpy.o)
                              ./src/I2C_Driver.o (memcpy)
d:/nxp/lpcxpresso_8.2.2_650/lpcxpresso/tools/bin/../lib/gcc/arm-none-eabi/5.4.1/../../../../arm-none-eabi/lib/armv6-m\libcr_c.a(__weak__main.o)
                              ./src/cr_startup_lpc11uxx.o (__main)
d:/nxp/lpcxpresso_8.2.2_650/lpcxpresso/tools/bin/../lib/gcc/arm-none-eabi/5.4.1/../../../../arm-none-eabi/lib/armv6-m\libcr_c.a(stdlib.o)
                              ./src/MCP2517FD_ExampleFor_LPC11UXX.o (rand)
d:/nxp/lpcxpresso_8.2.2_650/lpcxpresso/tools/bin/../lib/gcc/arm-none-eabi/5.4.1/../../../../arm-none-eabi/lib/armv6-m\libcr_c.a(initio.o)
                              d:/nxp/lpcxpresso_8.2.2_650/lpcxpresso/tools/bin/../lib/gcc/arm-none-eabi/5.4.1/../../../../arm-none-eabi/lib/armv6-m\libcr_c.a(stdlib.o) (_terminateio)
d:/nxp/lpcxpresso_8.2.2_650/lpcxpresso/tools/bin/../lib/gcc/arm-none-eabi/5.4.1/../../../../arm-none-eabi/lib/armv6-m\libcr_c.a(raise.o)
                              d:/nxp/lpcxpresso_8.2.2_650/lpcxpresso/tools/bin/../lib/gcc/arm-none-eabi/5.4.1/../../../../arm-none-eabi/lib/armv6-m\libcr_c.a(stdlib.o) (raise)
d:/nxp/lpcxpresso_8.2.2_650/lpcxpresso/tools/bin/../lib/gcc/arm-none-eabi/5.4.1/../../../../arm-none-eabi/lib/armv6-m\libcr_c.a(setvbuf.o)
                              d:/nxp/lpcxpresso_8.2.2_650/lpcxpresso/tools/bin/../lib/gcc/arm-none-eabi/5.4.1/../../../../arm-none-eabi/lib/armv6-m\libcr_c.a(initio.o) (setvbuf)
d:/nxp/lpcxpresso_8.2.2_650/lpcxpresso/tools/bin/../lib/gcc/arm-none-eabi/5.4.1/../../../../arm-none-eabi/lib/armv6-m\libcr_c.a(stdio.o)
                              d:/nxp/lpcxpresso_8.2.2_650/lpcxpresso/tools/bin/../lib/gcc/arm-none-eabi/5.4.1/../../../../arm-none-eabi/lib/armv6-m\libcr_c.a(initio.o) (__Ciob)
d:/nxp/lpcxpresso_8.2.2_650/lpcxpresso/tools/bin/../lib/gcc/arm-none-eabi/5.4.1/../../../../arm-none-eabi/lib/armv6-m\libcr_c.a(memset.o)
                              d:/nxp/lpcxpresso_8.2.2_650/lpcxpresso/tools/bin/../lib/gcc/arm-none-eabi/5.4.1/../../../../arm-none-eabi/lib/armv6-m\libcr_c.a(initio.o) (memset)
d:/nxp/lpcxpresso_8.2.2_650/lpcxpresso/tools/bin/../lib/gcc/arm-none-eabi/5.4.1/../../../../arm-none-eabi/lib/armv6-m\libcr_c.a(__fillbuf.o)
                              d:/nxp/lpcxpresso_8.2.2_650/lpcxpresso/tools/bin/../lib/gcc/arm-none-eabi/5.4.1/../../../../arm-none-eabi/lib/armv6-m\libcr_c.a(stdio.o) (__filbuf)
d:/nxp/lpcxpresso_8.2.2_650/lpcxpresso/tools/bin/../lib/gcc/arm-none-eabi/5.4.1/../../../../arm-none-eabi/lib/armv6-m\libcr_c.a(_deferredlazyseek.o)
                              d:/nxp/lpcxpresso_8.2.2_650/lpcxpresso/tools/bin/../lib/gcc/arm-none-eabi/5.4.1/../../../../arm-none-eabi/lib/armv6-m\libcr_c.a(__fillbuf.o) (_deferredlazyseek)
d:/nxp/lpcxpresso_8.2.2_650/lpcxpresso/tools/bin/../lib/gcc/arm-none-eabi/5.4.1/../../../../arm-none-eabi/lib/armv6-m\libcr_c.a(_fdopen.o)
                              d:/nxp/lpcxpresso_8.2.2_650/lpcxpresso/tools/bin/../lib/gcc/arm-none-eabi/5.4.1/../../../../arm-none-eabi/lib/armv6-m\libcr_c.a(initio.o) (_fdopen)
d:/nxp/lpcxpresso_8.2.2_650/lpcxpresso/tools/bin/../lib/gcc/arm-none-eabi/5.4.1/../../../../arm-none-eabi/lib/armv6-m\libcr_c.a(_fflush.o)
                              d:/nxp/lpcxpresso_8.2.2_650/lpcxpresso/tools/bin/../lib/gcc/arm-none-eabi/5.4.1/../../../../arm-none-eabi/lib/armv6-m\libcr_c.a(__fillbuf.o) (_fflush)
d:/nxp/lpcxpresso_8.2.2_650/lpcxpresso/tools/bin/../lib/gcc/arm-none-eabi/5.4.1/../../../../arm-none-eabi/lib/armv6-m\libcr_c.a(_writebuf.o)
                              d:/nxp/lpcxpresso_8.2.2_650/lpcxpresso/tools/bin/../lib/gcc/arm-none-eabi/5.4.1/../../../../arm-none-eabi/lib/armv6-m\libcr_c.a(_deferredlazyseek.o) (_Cwritebuf)
d:/nxp/lpcxpresso_8.2.2_650/lpcxpresso/tools/bin/../lib/gcc/arm-none-eabi/5.4.1/../../../../arm-none-eabi/lib/armv6-m\libcr_c.a(alloc.o)
                              d:/nxp/lpcxpresso_8.2.2_650/lpcxpresso/tools/bin/../lib/gcc/arm-none-eabi/5.4.1/../../../../arm-none-eabi/lib/armv6-m\libcr_c.a(initio.o) (_Csys_alloc)
d:/nxp/lpcxpresso_8.2.2_650/lpcxpresso/tools/bin/../lib/gcc/arm-none-eabi/5.4.1/../../../../arm-none-eabi/lib/armv6-m\libcr_c.a(fclose.o)
[...]
Memory Configuration

Name             Origin             Length             Attributes
MFlash32         0x00000000         0x00008000         xr
RamLoc6          0x10000000         0x00001800         xrw
RamUsb2          0x20004000         0x00000800         xrw
*default*        0x00000000         0xffffffff

Linker script and memory map

LOAD ./src/GPIO_Driver.o
LOAD ./src/I2C_Driver.o
LOAD ./src/MCP2517FD_ExampleFor_LPC11UXX.o
LOAD ./src/SPI_Driver.o
LOAD ./src/UART_Driver.o
LOAD ./src/aeabi_romdiv_patch.o
LOAD ./src/cr_startup_lpc11uxx.o
LOAD ./src/crp.o
LOAD ./src/sysinit.o
LOAD ./driver/spi/drv_spi.o
LOAD ./driver/canfdspi/drv_canfdspi_api.o
LOAD D:\NXP_workspace\lpc_chip_11uxx_lib\Debug\liblpc_chip_11uxx_lib.a
START GROUP
LOAD d:/nxp/lpcxpresso_8.2.2_650/lpcxpresso/tools/bin/../lib/gcc/arm-none-eabi/5.4.1/../../../../arm-none-eabi/lib/armv6-m\libcr_c.a
LOAD d:/nxp/lpcxpresso_8.2.2_650/lpcxpresso/tools/bin/../lib/gcc/arm-none-eabi/5.4.1/armv6-m\libcr_eabihelpers.a
END GROUP
                0x00000000                __base_MFlash32 = 0x0
                0x00000000                __base_Flash = 0x0
                0x00008000                __top_MFlash32 = 0x8000
                0x00008000                __top_Flash = 0x8000
                0x10000000                __base_RamLoc6 = 0x10000000
                0x10000000                __base_RAM = 0x10000000
                0x10001800                __top_RamLoc6 = 0x10001800
                0x10001800                __top_RAM = 0x10001800
                0x20004000                __base_RamUsb2 = 0x20004000
                0x20004000                __base_RAM2 = 0x20004000
                0x20004800                __top_RamUsb2 = 0x20004800
                0x20004800                __top_RAM2 = 0x20004800

.text           0x00000000     0x4698
 FILL mask 0xff
                0x00000000                __vectors_start__ = ABSOLUTE (.)
 *(.isr_vector)
 .isr_vector    0x00000000       0xc0 ./src/cr_startup_lpc11uxx.o
                0x00000000                g_pfnVectors
                0x000000c0                . = ALIGN (0x4)
                0x000000c0                __section_table_start = .
                0x000000c0                __data_section_table = .
                0x000000c0        0x4 LONG 0x4698 LOADADDR (.data)
                0x000000c4        0x4 LONG 0x10000000 ADDR (.data)
                0x000000c8        0x4 LONG 0xe4 SIZEOF (.data)
                0x000000cc        0x4 LONG 0x4698 LOADADDR (.data_RAM2)
                0x000000d0        0x4 LONG 0x20004000 ADDR (.data_RAM2)
                0x000000d4        0x4 LONG 0x0 SIZEOF (.data_RAM2)
                0x000000d8                __data_section_table_end = .
                0x000000d8                __bss_section_table = .
                0x000000d8        0x4 LONG 0x100000e4 ADDR (.bss)
                0x000000dc        0x4 LONG 0x188 SIZEOF (.bss)
                0x000000e0        0x4 LONG 0x20004000 ADDR (.bss_RAM2)
                0x000000e4        0x4 LONG 0x0 SIZEOF (.bss_RAM2)
                0x000000e8                __bss_section_table_end = .
                0x000000e8                __section_table_end = .
 *(.after_vectors*)
 .after_vectors
                0x000000e8      0x138 ./src/cr_startup_lpc11uxx.o
                0x000000e8                data_init
                0x00000128                bss_init
                0x0000015c                ResetISR
                0x000001f0                NMI_Handler
                0x000001f8                HardFault_Handler
                0x00000200                SVC_Handler
                0x00000208                PendSV_Handler
                0x00000218                FLEX_INT7_IRQHandler
                0x00000218                TIMER32_1_IRQHandler
                0x00000218                FLEX_INT1_IRQHandler
                0x00000218                IntDefaultHandler
                0x00000218                SSP0_IRQHandler
                0x00000218                USBWakeup_IRQHandler
                0x00000218                TIMER32_0_IRQHandler
                0x00000218                UART_IRQHandler
                0x00000218                FLEX_INT2_IRQHandler
                0x00000218                TIMER16_1_IRQHandler
                0x00000218                USB_FIQHandler
                0x00000218                FLEX_INT5_IRQHandler
                0x00000218                ADC_IRQHandler
                0x00000218                SSP1_IRQHandler
                0x00000218                FLEX_INT3_IRQHandler
                0x00000218                USB_IRQHandler
                0x00000218                BOD_IRQHandler
                0x00000218                WDT_IRQHandler
                0x00000218                FLEX_INT0_IRQHandler
                0x00000218                GINT0_IRQHandler
                0x00000218                FLEX_INT4_IRQHandler
                0x00000218                TIMER16_0_IRQHandler
                0x00000218                FLEX_INT6_IRQHandler
                0x00000218                FMC_IRQHandler
                0x00000218                GINT1_IRQHandler
 *(.text*)
 .text.GPIO_Init
                0x00000220        0xc ./src/GPIO_Driver.o
                0x00000220                GPIO_Init
 .text.GPIO_Direction
                0x0000022c       0x74 ./src/GPIO_Driver.o
                0x0000022c                GPIO_Direction
 .text.GPIO_SetState
                0x000002a0       0x40 ./src/GPIO_Driver.o
                0x000002a0                GPIO_SetState
 .text.I2C_GetBaseAddress
                0x000002e0       0x30 ./src/I2C_Driver.o
 .text.I2C_InterruptProccess
                0x00000310      0x32c ./src/I2C_Driver.o
                0x00000310                I2C_InterruptProccess
 .text.I2C_IRQHandler
                0x0000063c       0x10 ./src/I2C_Driver.o
                0x0000063c                I2C_IRQHandler
 .text.InitCanFdChip
                0x0000064c      0x164 ./src/MCP2517FD_ExampleFor_LPC11UXX.o
                0x0000064c                InitCanFdChip
 .text.TestCanChipRamAccess
                0x000007b0       0xf8 ./src/MCP2517FD_ExampleFor_LPC11UXX.o
                0x000007b0                TestCanChipRamAccess
 .text.ReceiveCanMessage
                0x000008a8       0x50 ./src/MCP2517FD_ExampleFor_LPC11UXX.o
                0x000008a8                ReceiveCanMessage
 .text.TransmitCanMessage
                0x000008f8      0x140 ./src/MCP2517FD_ExampleFor_LPC11UXX.o
                0x000008f8                TransmitCanMessage
 .text.SysTick_Handler
                0x00000a38       0x30 ./src/MCP2517FD_ExampleFor_LPC11UXX.o
                0x00000a38                SysTick_Handler
 .text.main     0x00000a68       0x54 ./src/MCP2517FD_ExampleFor_LPC11UXX.o
                0x00000a68                main
 .text.SPI_GetBaseAddress
                0x00000abc       0x44 ./src/SPI_Driver.o
 .text.SPI_SetClockPrescalers
                0x00000b00       0x6c ./src/SPI_Driver.o
 .text.SPI_DriverInit
                0x00000b6c      0x178 ./src/SPI_Driver.o
                0x00000b6c                SPI_DriverInit
 .text.SPI_PutByteToTransmitter
                0x00000ce4       0x30 ./src/SPI_Driver.o
                0x00000ce4                SPI_PutByteToTransmitter
 .text.SPI_ReadByteFromTrasmitter
                0x00000d14       0x28 ./src/SPI_Driver.o
                0x00000d14                SPI_ReadByteFromTrasmitter
 .text.SPI_CheckBusyFlag
                0x00000d3c       0x3c ./src/SPI_Driver.o
                0x00000d3c                SPI_CheckBusyFlag
 .text.SystemInit
                0x00000d78       0x10 ./src/sysinit.o
                0x00000d78                SystemInit
 .text.DRV_SPI_Initialize
                0x00000d88       0x10 ./driver/spi/drv_spi.o
                0x00000d88                DRV_SPI_Initialize
 .text.DRV_SPI_TransferData
                0x00000d98       0x38 ./driver/spi/drv_spi.o
                0x00000d98                DRV_SPI_TransferData
 .text.spi_master_init
                0x00000dd0       0x2c ./driver/spi/drv_spi.o
                0x00000dd0                spi_master_init
 .text.spi_master_transfer
                0x00000dfc      0x120 ./driver/spi/drv_spi.o
                0x00000dfc                spi_master_transfer
 .text.DRV_CANFDSPI_Reset
                0x00000f1c       0x5c ./driver/canfdspi/drv_canfdspi_api.o
                0x00000f1c                DRV_CANFDSPI_Reset
 .text.DRV_CANFDSPI_ReadByte
                0x00000f78       0x88 ./driver/canfdspi/drv_canfdspi_api.o
                0x00000f78                DRV_CANFDSPI_ReadByte
 .text.DRV_CANFDSPI_WriteByte
                0x00001000       0x8c ./driver/canfdspi/drv_canfdspi_api.o
                0x00001000                DRV_CANFDSPI_WriteByte
 .text.DRV_CANFDSPI_ReadWord
                0x0000108c       0xe0 ./driver/canfdspi/drv_canfdspi_api.o
                0x0000108c                DRV_CANFDSPI_ReadWord
 .text.DRV_CANFDSPI_WriteWord
                0x0000116c       0xb8 ./driver/canfdspi/drv_canfdspi_api.o
                0x0000116c                DRV_CANFDSPI_WriteWord
 .text.DRV_CANFDSPI_ReadHalfWord
                0x00001224       0xe4 ./driver/canfdspi/drv_canfdspi_api.o
                0x00001224                DRV_CANFDSPI_ReadHalfWord
 .text.DRV_CANFDSPI_WriteHalfWord
                0x00001308       0xc4 ./driver/canfdspi/drv_canfdspi_api.o
                0x00001308                DRV_CANFDSPI_WriteHalfWord
 .text.DRV_CANFDSPI_ReadByteArray
                0x000013cc      0x108 ./driver/canfdspi/drv_canfdspi_api.o
                0x000013cc                DRV_CANFDSPI_ReadByteArray
 .text.DRV_CANFDSPI_WriteByteArray
                0x000014d4       0xd4 ./driver/canfdspi/drv_canfdspi_api.o
                0x000014d4                DRV_CANFDSPI_WriteByteArray
 .text.DRV_CANFDSPI_ReadWordArray
                0x000015a8      0x16c ./driver/canfdspi/drv_canfdspi_api.o
                0x000015a8                DRV_CANFDSPI_ReadWordArray
 .text.DRV_CANFDSPI_Configure
                0x00001714      0x1ec ./driver/canfdspi/drv_canfdspi_api.o
                0x00001714                DRV_CANFDSPI_Configure
 .text.DRV_CANFDSPI_ConfigureObjectReset
                0x00001900      0x1ac ./driver/canfdspi/drv_canfdspi_api.o
                0x00001900                DRV_CANFDSPI_ConfigureObjectReset
 .text.DRV_CANFDSPI_OperationModeSelect
                0x00001aac       0xb0 ./driver/canfdspi/drv_canfdspi_api.o
                0x00001aac                DRV_CANFDSPI_OperationModeSelect
 .text.DRV_CANFDSPI_TransmitChannelConfigure
                0x00001b5c      0x120 ./driver/canfdspi/drv_canfdspi_api.o
                0x00001b5c                DRV_CANFDSPI_TransmitChannelConfigure
 .text.DRV_CANFDSPI_TransmitChannelConfigureObjectReset
                0x00001c7c       0xbc ./driver/canfdspi/drv_canfdspi_api.o
                0x00001c7c                DRV_CANFDSPI_TransmitChannelConfigureObjectReset
 .text.DRV_CANFDSPI_TransmitChannelLoad
                0x00001d38      0x284 ./driver/canfdspi/drv_canfdspi_api.o
                0x00001d38                DRV_CANFDSPI_TransmitChannelLoad
 .text.DRV_CANFDSPI_TransmitChannelUpdate
                0x00001fbc       0xa0 ./driver/canfdspi/drv_canfdspi_api.o
                0x00001fbc                DRV_CANFDSPI_TransmitChannelUpdate
 .text.DRV_CANFDSPI_FilterObjectConfigure
                0x0000205c       0x60 ./driver/canfdspi/drv_canfdspi_api.o
                0x0000205c                DRV_CANFDSPI_FilterObjectConfigure
 .text.DRV_CANFDSPI_FilterMaskConfigure
                0x000020bc       0x64 ./driver/canfdspi/drv_canfdspi_api.o
                0x000020bc                DRV_CANFDSPI_FilterMaskConfigure
 .text.DRV_CANFDSPI_FilterToFifoLink
                0x00002120       0xb4 ./driver/canfdspi/drv_canfdspi_api.o
                0x00002120                DRV_CANFDSPI_FilterToFifoLink
 .text.DRV_CANFDSPI_ReceiveChannelConfigure
                0x000021d4       0xe8 ./driver/canfdspi/drv_canfdspi_api.o
                0x000021d4                DRV_CANFDSPI_ReceiveChannelConfigure
 .text.DRV_CANFDSPI_ReceiveChannelConfigureObjectReset
                0x000022bc       0x88 ./driver/canfdspi/drv_canfdspi_api.o
                0x000022bc                DRV_CANFDSPI_ReceiveChannelConfigureObjectReset
 .text.DRV_CANFDSPI_ReceiveMessageGet
                0x00002344      0x2e4 ./driver/canfdspi/drv_canfdspi_api.o
                0x00002344                DRV_CANFDSPI_ReceiveMessageGet
 .text.DRV_CANFDSPI_ReceiveChannelUpdate
                0x00002628       0x74 ./driver/canfdspi/drv_canfdspi_api.o
                0x00002628                DRV_CANFDSPI_ReceiveChannelUpdate
 .text.DRV_CANFDSPI_ModuleEventEnable
                0x0000269c       0xc0 ./driver/canfdspi/drv_canfdspi_api.o
                0x0000269c                DRV_CANFDSPI_ModuleEventEnable
 .text.DRV_CANFDSPI_TransmitChannelEventGet
                0x0000275c       0x8c ./driver/canfdspi/drv_canfdspi_api.o
                0x0000275c                DRV_CANFDSPI_TransmitChannelEventGet
 .text.DRV_CANFDSPI_ReceiveChannelEventGet
                0x000027e8       0x98 ./driver/canfdspi/drv_canfdspi_api.o
                0x000027e8                DRV_CANFDSPI_ReceiveChannelEventGet
 .text.DRV_CANFDSPI_ReceiveChannelEventEnable
                0x00002880       0xe4 ./driver/canfdspi/drv_canfdspi_api.o
                0x00002880                DRV_CANFDSPI_ReceiveChannelEventEnable
 .text.DRV_CANFDSPI_ErrorCountStateGet
                0x00002964       0x94 ./driver/canfdspi/drv_canfdspi_api.o
                0x00002964                DRV_CANFDSPI_ErrorCountStateGet
 .text.DRV_CANFDSPI_EccEnable
                0x000029f8       0x94 ./driver/canfdspi/drv_canfdspi_api.o
                0x000029f8                DRV_CANFDSPI_EccEnable
 .text.DRV_CANFDSPI_RamInit
                0x00002a8c       0xa4 ./driver/canfdspi/drv_canfdspi_api.o
                0x00002a8c                DRV_CANFDSPI_RamInit
 .text.DRV_CANFDSPI_BitTimeConfigure
                0x00002b30      0x138 ./driver/canfdspi/drv_canfdspi_api.o
                0x00002b30                DRV_CANFDSPI_BitTimeConfigure
 .text.DRV_CANFDSPI_BitTimeConfigureNominal40MHz
                0x00002c68      0x13c ./driver/canfdspi/drv_canfdspi_api.o
                0x00002c68                DRV_CANFDSPI_BitTimeConfigureNominal40MHz
 .text.DRV_CANFDSPI_BitTimeConfigureData40MHz
                0x00002da4      0x77c ./driver/canfdspi/drv_canfdspi_api.o
                0x00002da4                DRV_CANFDSPI_BitTimeConfigureData40MHz
 .text.DRV_CANFDSPI_BitTimeConfigureNominal20MHz
                0x00003520      0x150 ./driver/canfdspi/drv_canfdspi_api.o
                0x00003520                DRV_CANFDSPI_BitTimeConfigureNominal20MHz
 .text.DRV_CANFDSPI_BitTimeConfigureData20MHz
                0x00003670      0x564 ./driver/canfdspi/drv_canfdspi_api.o
                0x00003670                DRV_CANFDSPI_BitTimeConfigureData20MHz
 .text.DRV_CANFDSPI_BitTimeConfigureNominal10MHz
                0x00003bd4      0x150 ./driver/canfdspi/drv_canfdspi_api.o
                0x00003bd4                DRV_CANFDSPI_BitTimeConfigureNominal10MHz
 .text.DRV_CANFDSPI_BitTimeConfigureData10MHz
                0x00003d24      0x39c ./driver/canfdspi/drv_canfdspi_api.o
                0x00003d24                DRV_CANFDSPI_BitTimeConfigureData10MHz
 .text.DRV_CANFDSPI_DlcToDataBytes
                0x000040c0       0x74 ./driver/canfdspi/drv_canfdspi_api.o
                0x000040c0                DRV_CANFDSPI_DlcToDataBytes
 .text.Chip_FMC_SetFLASHAccess
                0x00004134       0x30 D:\NXP_workspace\lpc_chip_11uxx_lib\Debug\liblpc_chip_11uxx_lib.a(sysinit_11xx.o)
 .text.Chip_Clock_SetupSystemPLL
                0x00004164       0x38 D:\NXP_workspace\lpc_chip_11uxx_lib\Debug\liblpc_chip_11uxx_lib.a(sysinit_11xx.o)
 .text.Chip_Clock_IsSystemPLLLocked
                0x0000419c       0x1c D:\NXP_workspace\lpc_chip_11uxx_lib\Debug\liblpc_chip_11uxx_lib.a(sysinit_11xx.o)
 .text.Chip_Clock_SetSysClockDiv
                0x000041b8       0x1c D:\NXP_workspace\lpc_chip_11uxx_lib\Debug\liblpc_chip_11uxx_lib.a(sysinit_11xx.o)
 .text.Chip_Clock_EnablePeriphClock
                0x000041d4       0x30 D:\NXP_workspace\lpc_chip_11uxx_lib\Debug\liblpc_chip_11uxx_lib.a(sysinit_11xx.o)
 .text.Chip_SystemInit
                0x00004204       0x5c D:\NXP_workspace\lpc_chip_11uxx_lib\Debug\liblpc_chip_11uxx_lib.a(sysinit_11xx.o)
                0x00004204                Chip_SystemInit
 .text.Chip_Clock_SetSystemPLLSource
                0x00004260       0x2c D:\NXP_workspace\lpc_chip_11uxx_lib\Debug\liblpc_chip_11uxx_lib.a(clock_11xx.o)
                0x00004260                Chip_Clock_SetSystemPLLSource
 .text.Chip_Clock_SetMainClockSource
                0x0000428c       0x2c D:\NXP_workspace\lpc_chip_11uxx_lib\Debug\liblpc_chip_11uxx_lib.a(clock_11xx.o)
                0x0000428c                Chip_Clock_SetMainClockSource
 .text.Chip_SYSCTL_PowerDown
                0x000042b8       0x44 D:\NXP_workspace\lpc_chip_11uxx_lib\Debug\liblpc_chip_11uxx_lib.a(sysctl_11xx.o)
                0x000042b8                Chip_SYSCTL_PowerDown
 .text.Chip_SYSCTL_PowerUp
                0x000042fc       0x44 D:\NXP_workspace\lpc_chip_11uxx_lib\Debug\liblpc_chip_11uxx_lib.a(sysctl_11xx.o)
                0x000042fc                Chip_SYSCTL_PowerUp
 .text.__weak_main
                0x00004340        0x8 d:/nxp/lpcxpresso_8.2.2_650/lpcxpresso/tools/bin/../lib/gcc/arm-none-eabi/5.4.1/../../../../arm-none-eabi/lib/armv6-m\libcr_c.a(__weak__main.o)
                0x00004340                __weak_main
                0x00004340                __main
 .text.rand     0x00004348       0x40 d:/nxp/lpcxpresso_8.2.2_650/lpcxpresso/tools/bin/../lib/gcc/arm-none-eabi/5.4.1/../../../../arm-none-eabi/lib/armv6-m\libcr_c.a(stdlib.o)
                0x00004348                rand
 *(.rodata .rodata.* .constdata .constdata.*)
 .rodata.I2C_InterruptProccess
                0x00004388      0x144 ./src/I2C_Driver.o
 .rodata.DRV_CANFDSPI_BitTimeConfigureNominal40MHz
                0x000044cc       0x48 ./driver/canfdspi/drv_canfdspi_api.o
 .rodata.DRV_CANFDSPI_BitTimeConfigureData40MHz
                0x00004514       0x48 ./driver/canfdspi/drv_canfdspi_api.o
 .rodata.DRV_CANFDSPI_BitTimeConfigureNominal20MHz
                0x0000455c       0x48 ./driver/canfdspi/drv_canfdspi_api.o
 .rodata.DRV_CANFDSPI_BitTimeConfigureData20MHz
                0x000045a4       0x48 ./driver/canfdspi/drv_canfdspi_api.o
 .rodata.DRV_CANFDSPI_BitTimeConfigureNominal10MHz
                0x000045ec       0x48 ./driver/canfdspi/drv_canfdspi_api.o
 .rodata.DRV_CANFDSPI_BitTimeConfigureData10MHz
                0x00004634       0x48 ./driver/canfdspi/drv_canfdspi_api.o
 .rodata.DRV_CANFDSPI_DlcToDataBytes
                0x0000467c       0x1c ./driver/canfdspi/drv_canfdspi_api.o
                0x00004698                . = ALIGN (0x4)

.glue_7         0x00004698        0x0
 .glue_7        0x00004698        0x0 linker stubs

.glue_7t        0x00004698        0x0
 .glue_7t       0x00004698        0x0 linker stubs

.vfp11_veneer   0x00004698        0x0
 .vfp11_veneer  0x00004698        0x0 linker stubs

.v4_bx          0x00004698        0x0
 .v4_bx         0x00004698        0x0 linker stubs

.iplt           0x00004698        0x0
 .iplt          0x00004698        0x0 ./src/GPIO_Driver.o

.rel.dyn        0x00004698        0x0
 .rel.iplt      0x00004698        0x0 ./src/GPIO_Driver.o

.ARM.extab
 *(.ARM.extab* .gnu.linkonce.armextab.*)
                0x00004698                __exidx_start = .

.ARM.exidx
 *(.ARM.exidx* .gnu.linkonce.armexidx.*)
                0x00004698                __exidx_end = .
                0x00004698                _etext = .

.data_RAM2      0x20004000        0x0 load address 0x00004698
 FILL mask 0xff
                [!provide]                PROVIDE (__start_data_RAM2, .)
 *(.ramfunc.$RAM2)
 *(.ramfunc.$RamUsb2)
 *(.data.$RAM2*)
 *(.data.$RamUsb2*)
                0x20004000                . = ALIGN (0x4)
                [!provide]                PROVIDE (__end_data_RAM2, .)

.uninit_RESERVED
                0x10000000        0x0
 *(.bss.$RESERVED*)
                0x10000000                . = ALIGN (0x4)
                0x10000000                _end_uninit_RESERVED = .

.data           0x10000000       0xe4 load address 0x00004698
 FILL mask 0xff
                0x10000000                _data = .
 *(vtable)
 *(.ramfunc*)
 *(.data*)
 .data._random_number_seed
                0x10000000       0xdc d:/nxp/lpcxpresso_8.2.2_650/lpcxpresso/tools/bin/../lib/gcc/arm-none-eabi/5.4.1/../../../../arm-none-eabi/lib/armv6-m\libcr_c.a(stdlib.o)
 .data._random_j
                0x100000dc        0x4 d:/nxp/lpcxpresso_8.2.2_650/lpcxpresso/tools/bin/../lib/gcc/arm-none-eabi/5.4.1/../../../../arm-none-eabi/lib/armv6-m\libcr_c.a(stdlib.o)
 .data._random_k
                0x100000e0        0x4 d:/nxp/lpcxpresso_8.2.2_650/lpcxpresso/tools/bin/../lib/gcc/arm-none-eabi/5.4.1/../../../../arm-none-eabi/lib/armv6-m\libcr_c.a(stdlib.o)
                0x100000e4                . = ALIGN (0x4)
                0x100000e4                _edata = .

.igot.plt       0x100000e4        0x0 load address 0x0000477c
 .igot.plt      0x100000e4        0x0 ./src/GPIO_Driver.o

.bss_RAM2       0x20004000        0x0
                [!provide]                PROVIDE (__start_bss_RAM2, .)
 *(.bss.$RAM2*)
 *(.bss.$RamUsb2*)
                0x20004000                . = ALIGN ((. != 0x0)?0x4:0x1)
                [!provide]                PROVIDE (__end_bss_RAM2, .)

.bss            0x100000e4      0x188
                0x100000e4                _bss = .
 *(.bss*)
 .bss.I2C_Device_Instance_Table
                0x100000e4       0x46 ./src/I2C_Driver.o
                0x100000e4                I2C_Device_Instance_Table
 *fill*         0x1000012a        0x2 
 .bss.canConfig
                0x1000012c        0x4 ./src/MCP2517FD_ExampleFor_LPC11UXX.o
                0x1000012c                canConfig
 .bss.canTxConfig
                0x10000130        0x4 ./src/MCP2517FD_ExampleFor_LPC11UXX.o
                0x10000130                canTxConfig
 .bss.canTxObj  0x10000134        0xc ./src/MCP2517FD_ExampleFor_LPC11UXX.o
                0x10000134                canTxObj
 .bss.canRxConfig
                0x10000140        0x4 ./src/MCP2517FD_ExampleFor_LPC11UXX.o
                0x10000140                canRxConfig
 .bss.canFifoFilterObj
                0x10000144        0x4 ./src/MCP2517FD_ExampleFor_LPC11UXX.o
                0x10000144                canFifoFilterObj
 .bss.canFifoMaskObj
                0x10000148        0x4 ./src/MCP2517FD_ExampleFor_LPC11UXX.o
                0x10000148                canFifoMaskObj
 .bss.canRxMsgObj
                0x1000014c        0xc ./src/MCP2517FD_ExampleFor_LPC11UXX.o
                0x1000014c                canRxMsgObj
 .bss.canRxMsgPayload
                0x10000158       0x40 ./src/MCP2517FD_ExampleFor_LPC11UXX.o
                0x10000158                canRxMsgPayload
 .bss.canErrorFlags
                0x10000198        0x1 ./src/MCP2517FD_ExampleFor_LPC11UXX.o
                0x10000198                canErrorFlags
 .bss.canTrasmitErrorCounter
                0x10000199        0x1 ./src/MCP2517FD_ExampleFor_LPC11UXX.o
                0x10000199                canTrasmitErrorCounter
 .bss.canReceiveErrorCounter
                0x1000019a        0x1 ./src/MCP2517FD_ExampleFor_LPC11UXX.o
                0x1000019a                canReceiveErrorCounter
 *fill*         0x1000019b        0x1 
 .bss.canRxMessageCounter
                0x1000019c        0x4 ./src/MCP2517FD_ExampleFor_LPC11UXX.o
                0x1000019c                canRxMessageCounter
 .bss.interruptCounter
                0x100001a0        0x4 ./src/MCP2517FD_ExampleFor_LPC11UXX.o
                0x100001a0                interruptCounter
 .bss.i.7489    0x100001a4        0x4 ./src/MCP2517FD_ExampleFor_LPC11UXX.o
 .bss.AhbClkDivider
                0x100001a8        0x1 ./src/SPI_Driver.o
 .bss.ClockPrescalerRegister
                0x100001a9        0x1 ./src/SPI_Driver.o
 .bss.SerialClockRate
                0x100001aa        0x1 ./src/SPI_Driver.o
 *fill*         0x100001ab        0x1 
 .bss.spiTransmitBuffer
                0x100001ac       0x60 ./driver/canfdspi/drv_canfdspi_api.o
                0x100001ac                spiTransmitBuffer
 .bss.spiReceiveBuffer
                0x1000020c       0x60 ./driver/canfdspi/drv_canfdspi_api.o
                0x1000020c                spiReceiveBuffer
 *(COMMON)
                0x1000026c                . = ALIGN (0x4)
                0x1000026c                _ebss = .
                [!provide]                PROVIDE (end, .)

.noinit_RAM2    0x20004000        0x0
 *(.noinit.$RAM2*)
 *(.noinit.$RamUsb2*)
                0x20004000                . = ALIGN (0x4)

.noinit         0x1000026c        0x0
                0x1000026c                _noinit = .
 *(.noinit*)
                0x1000026c                . = ALIGN (0x4)
                0x1000026c                _end_noinit = .
                0x1000026c                PROVIDE (_pvHeapStart, DEFINED (__user_heap_base)?__user_heap_base:.)
                0x10001800                PROVIDE (_vStackTop, DEFINED (__user_stack_top)?__user_stack_top:(__top_RamLoc6 - 0x0))
                0xefffe2b9                PROVIDE (__valid_user_code_checksum, (0x0 - (((_vStackTop + (ResetISR + 0x1)) + (DEFINED (NMI_Handler)?NMI_Handler:M0_NMI_Handler + 0x1)) + (DEFINED (HardFault_Handler)?HardFault_Handler:M0_HardFault_Handler + 0x1))))
OUTPUT(MCP2517FD_ExampleFor_LPC11UXX.axf elf32-littlearm)

.debug_info     0x00000000     0x9d8b
 .debug_info    0x00000000      0x2ae ./src/GPIO_Driver.o
 .debug_info    0x000002ae      0xac8 ./src/I2C_Driver.o
 .debug_info    0x00000d76      0xe43 ./src/MCP2517FD_ExampleFor_LPC11UXX.o
 .debug_info    0x00001bb9      0x99d ./src/SPI_Driver.o
 .debug_info    0x00002556      0x220 ./src/cr_startup_lpc11uxx.o
 .debug_info    0x00002776       0xc8 ./src/sysinit.o
 .debug_info    0x0000283e      0x1fa ./driver/spi/drv_spi.o
 .debug_info    0x00002a38     0x5c9a ./driver/canfdspi/drv_canfdspi_api.o
 .debug_info    0x000086d2      0x838 D:\NXP_workspace\lpc_chip_11uxx_lib\Debug\liblpc_chip_11uxx_lib.a(sysinit_11xx.o)
 .debug_info    0x00008f0a      0x8ee D:\NXP_workspace\lpc_chip_11uxx_lib\Debug\liblpc_chip_11uxx_lib.a(clock_11xx.o)
 .debug_info    0x000097f8      0x593 D:\NXP_workspace\lpc_chip_11uxx_lib\Debug\liblpc_chip_11uxx_lib.a(sysctl_11xx.o)

.debug_abbrev   0x00000000      0xfbc
 .debug_abbrev  0x00000000      0x13a ./src/GPIO_Driver.o
 .debug_abbrev  0x0000013a      0x1f9 ./src/I2C_Driver.o
 .debug_abbrev  0x00000333      0x23c ./src/MCP2517FD_ExampleFor_LPC11UXX.o
 .debug_abbrev  0x0000056f      0x19d ./src/SPI_Driver.o
 .debug_abbrev  0x0000070c       0xfc ./src/cr_startup_lpc11uxx.o
 .debug_abbrev  0x00000808       0x6a ./src/sysinit.o
 .debug_abbrev  0x00000872       0xd0 ./driver/spi/drv_spi.o
 .debug_abbrev  0x00000942      0x27b ./driver/canfdspi/drv_canfdspi_api.o
 .debug_abbrev  0x00000bbd      0x171 D:\NXP_workspace\lpc_chip_11uxx_lib\Debug\liblpc_chip_11uxx_lib.a(sysinit_11xx.o)
 .debug_abbrev  0x00000d2e      0x1c0 D:\NXP_workspace\lpc_chip_11uxx_lib\Debug\liblpc_chip_11uxx_lib.a(clock_11xx.o)
 .debug_abbrev  0x00000eee       0xce D:\NXP_workspace\lpc_chip_11uxx_lib\Debug\liblpc_chip_11uxx_lib.a(sysctl_11xx.o)

.debug_aranges  0x00000000      0x750
 .debug_aranges
                0x00000000       0x38 ./src/GPIO_Driver.o
 .debug_aranges
                0x00000038       0x60 ./src/I2C_Driver.o
 .debug_aranges
                0x00000098       0x48 ./src/MCP2517FD_ExampleFor_LPC11UXX.o
 .debug_aranges
                0x000000e0       0x70 ./src/SPI_Driver.o
 .debug_aranges
                0x00000150       0x60 ./src/cr_startup_lpc11uxx.o
 .debug_aranges
                0x000001b0       0x20 ./src/sysinit.o
 .debug_aranges
                0x000001d0       0x38 ./driver/spi/drv_spi.o
 .debug_aranges
                0x00000208      0x428 ./driver/canfdspi/drv_canfdspi_api.o
 .debug_aranges
                0x00000630       0x48 D:\NXP_workspace\lpc_chip_11uxx_lib\Debug\liblpc_chip_11uxx_lib.a(sysinit_11xx.o)
 .debug_aranges
                0x00000678       0xa0 D:\NXP_workspace\lpc_chip_11uxx_lib\Debug\liblpc_chip_11uxx_lib.a(clock_11xx.o)
 .debug_aranges
                0x00000718       0x38 D:\NXP_workspace\lpc_chip_11uxx_lib\Debug\liblpc_chip_11uxx_lib.a(sysctl_11xx.o)

.debug_ranges   0x00000000      0x6a0
 .debug_ranges  0x00000000       0x28 ./src/GPIO_Driver.o
 .debug_ranges  0x00000028       0x50 ./src/I2C_Driver.o
 .debug_ranges  0x00000078       0x38 ./src/MCP2517FD_ExampleFor_LPC11UXX.o
 .debug_ranges  0x000000b0       0x60 ./src/SPI_Driver.o
 .debug_ranges  0x00000110       0x50 ./src/cr_startup_lpc11uxx.o
 .debug_ranges  0x00000160       0x10 ./src/sysinit.o
 .debug_ranges  0x00000170       0x28 ./driver/spi/drv_spi.o
 .debug_ranges  0x00000198      0x418 ./driver/canfdspi/drv_canfdspi_api.o
 .debug_ranges  0x000005b0       0x38 D:\NXP_workspace\lpc_chip_11uxx_lib\Debug\liblpc_chip_11uxx_lib.a(sysinit_11xx.o)
 .debug_ranges  0x000005e8       0x90 D:\NXP_workspace\lpc_chip_11uxx_lib\Debug\liblpc_chip_11uxx_lib.a(clock_11xx.o)
 .debug_ranges  0x00000678       0x28 D:\NXP_workspace\lpc_chip_11uxx_lib\Debug\liblpc_chip_11uxx_lib.a(sysctl_11xx.o)

.debug_macro    0x00000000     0x3702
 .debug_macro   0x00000000      0x161 ./src/GPIO_Driver.o
 .debug_macro   0x00000161      0x84a ./src/GPIO_Driver.o
 .debug_macro   0x000009ab       0x10 ./src/GPIO_Driver.o
 .debug_macro   0x000009bb      0x12d ./src/GPIO_Driver.o
 .debug_macro   0x00000ae8      0x5b2 ./src/GPIO_Driver.o
 .debug_macro   0x0000109a       0x22 ./src/GPIO_Driver.o
 .debug_macro   0x000010bc       0x81 ./src/GPIO_Driver.o
 .debug_macro   0x0000113d       0x10 ./src/GPIO_Driver.o
 .debug_macro   0x0000114d       0x1f ./src/GPIO_Driver.o
 .debug_macro   0x0000116c       0x3a ./src/GPIO_Driver.o
 .debug_macro   0x000011a6      0x241 ./src/GPIO_Driver.o
 .debug_macro   0x000013e7      0x125 ./src/GPIO_Driver.o
 .debug_macro   0x0000150c       0x2e ./src/GPIO_Driver.o
 .debug_macro   0x0000153a       0xf1 ./src/GPIO_Driver.o
 .debug_macro   0x0000162b       0x10 ./src/GPIO_Driver.o
 .debug_macro   0x0000163b      0x137 ./src/GPIO_Driver.o
 .debug_macro   0x00001772       0x4c ./src/GPIO_Driver.o
 .debug_macro   0x000017be       0x16 ./src/GPIO_Driver.o
 .debug_macro   0x000017d4      0x31a ./src/GPIO_Driver.o
 .debug_macro   0x00001aee       0x4f ./src/GPIO_Driver.o
 .debug_macro   0x00001b3d       0xb8 ./src/GPIO_Driver.o
 .debug_macro   0x00001bf5       0x11 ./src/GPIO_Driver.o
 .debug_macro   0x00001c06       0x7c ./src/GPIO_Driver.o
 .debug_macro   0x00001c82       0x1c ./src/GPIO_Driver.o
 .debug_macro   0x00001c9e       0x40 ./src/GPIO_Driver.o
 .debug_macro   0x00001cde      0x21c ./src/GPIO_Driver.o
 .debug_macro   0x00001efa      0x180 ./src/I2C_Driver.o
 .debug_macro   0x0000207a       0x74 ./src/I2C_Driver.o
 .debug_macro   0x000020ee       0x10 ./src/I2C_Driver.o
 .debug_macro   0x000020fe      0x1b4 ./src/MCP2517FD_ExampleFor_LPC11UXX.o
 .debug_macro   0x000022b2       0x16 ./src/MCP2517FD_ExampleFor_LPC11UXX.o
 .debug_macro   0x000022c8       0x1c ./src/MCP2517FD_ExampleFor_LPC11UXX.o
 .debug_macro   0x000022e4       0x22 ./src/MCP2517FD_ExampleFor_LPC11UXX.o
 .debug_macro   0x00002306      0x127 ./src/MCP2517FD_ExampleFor_LPC11UXX.o
 .debug_macro   0x0000242d       0x22 ./src/MCP2517FD_ExampleFor_LPC11UXX.o
 .debug_macro   0x0000244f       0x7a ./src/MCP2517FD_ExampleFor_LPC11UXX.o
 .debug_macro   0x000024c9      0x16c ./src/SPI_Driver.o
 .debug_macro   0x00002635       0x16 ./src/SPI_Driver.o
 .debug_macro   0x0000264b       0x1d ./src/cr_startup_lpc11uxx.o
 .debug_macro   0x00002668      0x15d ./src/sysinit.o
 .debug_macro   0x000027c5       0x7b ./src/sysinit.o
 .debug_macro   0x00002840      0x191 ./driver/spi/drv_spi.o
 .debug_macro   0x000029d1       0x1c ./driver/spi/drv_spi.o
 .debug_macro   0x000029ed       0x9c ./driver/canfdspi/drv_canfdspi_api.o
 .debug_macro   0x00002a89      0x15d D:\NXP_workspace\lpc_chip_11uxx_lib\Debug\liblpc_chip_11uxx_lib.a(sysinit_11xx.o)
 .debug_macro   0x00002be6      0x838 D:\NXP_workspace\lpc_chip_11uxx_lib\Debug\liblpc_chip_11uxx_lib.a(sysinit_11xx.o)
 .debug_macro   0x0000341e      0x15d D:\NXP_workspace\lpc_chip_11uxx_lib\Debug\liblpc_chip_11uxx_lib.a(clock_11xx.o)
 .debug_macro   0x0000357b      0x187 D:\NXP_workspace\lpc_chip_11uxx_lib\Debug\liblpc_chip_11uxx_lib.a(sysctl_11xx.o)

.debug_line     0x00000000     0x357c
 .debug_line    0x00000000      0x346 ./src/GPIO_Driver.o
 .debug_line    0x00000346      0x416 ./src/I2C_Driver.o
 .debug_line    0x0000075c      0x480 ./src/MCP2517FD_ExampleFor_LPC11UXX.o
 .debug_line    0x00000bdc      0x404 ./src/SPI_Driver.o
 .debug_line    0x00000fe0       0xbf ./src/cr_startup_lpc11uxx.o
 .debug_line    0x0000109f      0x2c2 ./src/sysinit.o
 .debug_line    0x00001361      0x3a6 ./driver/spi/drv_spi.o
 .debug_line    0x00001707     0x1407 ./driver/canfdspi/drv_canfdspi_api.o
 .debug_line    0x00002b0e      0x33b D:\NXP_workspace\lpc_chip_11uxx_lib\Debug\liblpc_chip_11uxx_lib.a(sysinit_11xx.o)
 .debug_line    0x00002e49      0x432 D:\NXP_workspace\lpc_chip_11uxx_lib\Debug\liblpc_chip_11uxx_lib.a(clock_11xx.o)
 .debug_line    0x0000327b      0x301 D:\NXP_workspace\lpc_chip_11uxx_lib\Debug\liblpc_chip_11uxx_lib.a(sysctl_11xx.o)

.debug_str      0x00000000     0xd625
 .debug_str     0x00000000     0x7c28 ./src/GPIO_Driver.o
                               0x7d14 (size before relaxing)
 .debug_str     0x00007c28      0x779 ./src/I2C_Driver.o
                               0x8408 (size before relaxing)
 .debug_str     0x000083a1     0x1521 ./src/MCP2517FD_ExampleFor_LPC11UXX.o
                               0x9272 (size before relaxing)
 .debug_str     0x000098c2      0x23f ./src/SPI_Driver.o
                               0x8175 (size before relaxing)
 .debug_str     0x00009b01      0x17e ./src/cr_startup_lpc11uxx.o
                               0x2542 (size before relaxing)
 .debug_str     0x00009c7f       0x1b ./src/sysinit.o
                               0x7c7a (size before relaxing)
 .debug_str     0x00009c9a       0xfc ./driver/spi/drv_spi.o
                               0x7eb6 (size before relaxing)
 .debug_str     0x00009d96     0x2cb4 ./driver/canfdspi/drv_canfdspi_api.o
                               0x7dff (size before relaxing)
 .debug_str     0x0000ca4a      0x5b3 D:\NXP_workspace\lpc_chip_11uxx_lib\Debug\liblpc_chip_11uxx_lib.a(sysinit_11xx.o)
                               0x8389 (size before relaxing)
 .debug_str     0x0000cffd      0x489 D:\NXP_workspace\lpc_chip_11uxx_lib\Debug\liblpc_chip_11uxx_lib.a(clock_11xx.o)
                               0x8441 (size before relaxing)
 .debug_str     0x0000d486      0x19f D:\NXP_workspace\lpc_chip_11uxx_lib\Debug\liblpc_chip_11uxx_lib.a(sysctl_11xx.o)
                               0x8044 (size before relaxing)

.comment        0x00000000       0xdc
 .comment       0x00000000       0x6e ./src/GPIO_Driver.o
                                 0x6f (size before relaxing)
 .comment       0x0000006e       0x6f ./src/I2C_Driver.o
 .comment       0x0000006e       0x6f ./src/MCP2517FD_ExampleFor_LPC11UXX.o
 .comment       0x0000006e       0x6f ./src/SPI_Driver.o
 .comment       0x0000006e       0x6f ./src/cr_startup_lpc11uxx.o
 .comment       0x0000006e       0x6f ./src/sysinit.o
 .comment       0x0000006e       0x6f ./driver/spi/drv_spi.o
 .comment       0x0000006e       0x6f ./driver/canfdspi/drv_canfdspi_api.o
 .comment       0x0000006e       0x6f D:\NXP_workspace\lpc_chip_11uxx_lib\Debug\liblpc_chip_11uxx_lib.a(sysinit_11xx.o)
 .comment       0x0000006e       0x6f D:\NXP_workspace\lpc_chip_11uxx_lib\Debug\liblpc_chip_11uxx_lib.a(clock_11xx.o)
 .comment       0x0000006e       0x6f D:\NXP_workspace\lpc_chip_11uxx_lib\Debug\liblpc_chip_11uxx_lib.a(sysctl_11xx.o)
 .comment       0x0000006e       0x6e d:/nxp/lpcxpresso_8.2.2_650/lpcxpresso/tools/bin/../lib/gcc/arm-none-eabi/5.4.1/../../../../arm-none-eabi/lib/armv6-m\libcr_c.a(__weak__main.o)
                                 0x6f (size before relaxing)
 .comment       0x000000dc       0x6f d:/nxp/lpcxpresso_8.2.2_650/lpcxpresso/tools/bin/../lib/gcc/arm-none-eabi/5.4.1/../../../../arm-none-eabi/lib/armv6-m\libcr_c.a(stdlib.o)

.ARM.attributes
                0x00000000       0x2f
 .ARM.attributes
                0x00000000       0x31 ./src/GPIO_Driver.o
 .ARM.attributes
                0x00000031       0x31 ./src/I2C_Driver.o
 .ARM.attributes
                0x00000062       0x31 ./src/MCP2517FD_ExampleFor_LPC11UXX.o
 .ARM.attributes
                0x00000093       0x31 ./src/SPI_Driver.o
 .ARM.attributes
                0x000000c4       0x31 ./src/cr_startup_lpc11uxx.o
 .ARM.attributes
                0x000000f5       0x31 ./src/sysinit.o
 .ARM.attributes
                0x00000126       0x31 ./driver/spi/drv_spi.o
 .ARM.attributes
                0x00000157       0x31 ./driver/canfdspi/drv_canfdspi_api.o
 .ARM.attributes
                0x00000188       0x31 D:\NXP_workspace\lpc_chip_11uxx_lib\Debug\liblpc_chip_11uxx_lib.a(sysinit_11xx.o)
 .ARM.attributes
                0x000001b9       0x31 D:\NXP_workspace\lpc_chip_11uxx_lib\Debug\liblpc_chip_11uxx_lib.a(clock_11xx.o)
 .ARM.attributes
                0x000001ea       0x31 D:\NXP_workspace\lpc_chip_11uxx_lib\Debug\liblpc_chip_11uxx_lib.a(sysctl_11xx.o)
 .ARM.attributes
                0x0000021b       0x31 d:/nxp/lpcxpresso_8.2.2_650/lpcxpresso/tools/bin/../lib/gcc/arm-none-eabi/5.4.1/../../../../arm-none-eabi/lib/armv6-m\libcr_c.a(__weak__main.o)
 .ARM.attributes
                0x0000024c       0x31 d:/nxp/lpcxpresso_8.2.2_650/lpcxpresso/tools/bin/../lib/gcc/arm-none-eabi/5.4.1/../../../../arm-none-eabi/lib/armv6-m\libcr_c.a(stdlib.o)

.debug_frame    0x00000000     0x19d8
 .debug_frame   0x00000000       0x8c ./src/GPIO_Driver.o
 .debug_frame   0x0000008c      0x130 ./src/I2C_Driver.o
 .debug_frame   0x000001bc       0xc8 ./src/MCP2517FD_ExampleFor_LPC11UXX.o
 .debug_frame   0x00000284      0x170 ./src/SPI_Driver.o
 .debug_frame   0x000003f4      0x118 ./src/cr_startup_lpc11uxx.o
 .debug_frame   0x0000050c       0x2c ./src/sysinit.o
 .debug_frame   0x00000538       0x88 ./driver/spi/drv_spi.o
 .debug_frame   0x000005c0     0x10a0 ./driver/canfdspi/drv_canfdspi_api.o
 .debug_frame   0x00001660       0xc8 D:\NXP_workspace\lpc_chip_11uxx_lib\Debug\liblpc_chip_11uxx_lib.a(sysinit_11xx.o)
 .debug_frame   0x00001728      0x220 D:\NXP_workspace\lpc_chip_11uxx_lib\Debug\liblpc_chip_11uxx_lib.a(clock_11xx.o)
 .debug_frame   0x00001948       0x90 D:\NXP_workspace\lpc_chip_11uxx_lib\Debug\liblpc_chip_11uxx_lib.a(sysctl_11xx.o)
